Retried interrupted pine-tsmom-orb: eaea37e4-9246-458a-b38f-b8718a963108 -> ed31e207-4613-4951-a629-83152b5a15e0
Retried interrupted pine-tsmom-orb: ae1cd198-acae-4fd4-b895-1deb81583523 -> d868cba0-aa2c-40d1-bb81-c44b56b836a3
Development: 31/33 finished
Development: 33/33 finished
validation: 1/9 finished
validation: 6/9 finished
validation: 8/9 finished
validation: 9/9 finished
holdout: 1/9 finished
holdout: 6/9 finished
holdout: 8/9 finished
holdout: 9/9 finished
stress: 1/9 finished
stress: 6/9 finished
stress: 8/9 finished
stress: 9/9 finished
transfer: 1/9 finished
transfer: 6/9 finished
transfer: 8/9 finished
transfer: 9/9 finished
